\BOOKMARK [0][-]{section*.2}{\376\377\000T\000h\000e\000\040\000I\000m\000p\000a\000c\000t\000\040\000o\000f\000\040\000S\000m\000a\000l\000l\000-\000s\000c\000a\000l\000e\000\040\000e\000n\000h\000a\000n\000c\000e\000d\000\040\000P\000r\000i\000m\000o\000r\000d\000i\000a\000l\000\040\000P\000o\000w\000e\000r\000\040\000S\000p\000e\000c\000t\000r\000u\000m\000\040\000o\000n\000\040\000N\000o\000n\000l\000i\000n\000e\000a\000r\000\040\000S\000t\000r\000u\000c\000t\000u\000r\000e\000\040\000F\000o\000r\000m\000a\000t\000i\000o\000n}{}% 2
\BOOKMARK [1][-]{section*.1}{\376\377\000A\000b\000s\000t\000r\000a\000c\000t}{section*.2}% 1
\BOOKMARK [1][-]{section*.3}{\376\377\000I\000n\000t\000r\000o\000d\000u\000c\000t\000i\000o\000n}{section*.2}% 3
\BOOKMARK [1][-]{section*.4}{\376\377\000T\000h\000e\000o\000r\000e\000t\000i\000c\000a\000l\000\040\000O\000v\000e\000r\000v\000i\000e\000w}{section*.2}% 4
\BOOKMARK [2][-]{section*.5}{\376\377\000F\000r\000o\000m\000\040\000P\000r\000i\000m\000o\000r\000d\000i\000a\000l\000\040\000P\000e\000r\000t\000u\000r\000b\000a\000t\000i\000o\000n\000s\000\040\000t\000o\000\040\000C\000o\000s\000m\000i\000c\000\040\000S\000t\000r\000u\000c\000t\000u\000r\000e}{section*.4}% 5
\BOOKMARK [2][-]{section*.6}{\376\377\000T\000h\000e\000\040\000B\000l\000u\000e\000-\000T\000i\000l\000t\000e\000d\000\040\000P\000o\000w\000e\000r\000\040\000S\000p\000e\000c\000t\000r\000u\000m\000\040\000M\000o\000d\000e\000l}{section*.4}% 6
\BOOKMARK [2][-]{section*.7}{\376\377\000M\000o\000d\000e\000l\000\040\000S\000e\000l\000e\000c\000t\000i\000o\000n\000\040\000a\000n\000d\000\040\000C\000o\000s\000m\000o\000l\000o\000g\000i\000c\000a\000l\000\040\000M\000o\000t\000i\000v\000a\000t\000i\000o\000n}{section*.4}% 7
\BOOKMARK [1][-]{section*.10}{\376\377\000N\000u\000m\000e\000r\000i\000c\000a\000l\000\040\000M\000e\000t\000h\000o\000d\000s}{section*.2}% 8
\BOOKMARK [2][-]{section*.11}{\376\377\000i\000n\000i\000t\000i\000a\000l\000\040\000c\000o\000n\000d\000i\000t\000i\000o\000n\000s\000\040\000\050\000I\000C\000\051}{section*.10}% 9
\BOOKMARK [2][-]{section*.13}{\376\377\000S\000i\000m\000u\000l\000a\000t\000i\000o\000n\000\040\000c\000o\000d\000e}{section*.10}% 10
\BOOKMARK [3][-]{section*.14}{\376\377\000C\000o\000s\000m\000o\000l\000o\000g\000i\000c\000a\000l\000\040\000p\000a\000r\000a\000m\000e\000t\000e\000r\000s}{section*.13}% 11
\BOOKMARK [2][-]{section*.16}{\376\377\000H\000a\000l\000o\000\040\000f\000i\000n\000d\000e\000r\000\040\000a\000n\000d\000\040\000h\000a\000l\000o\000\040\000p\000r\000o\000p\000e\000r\000t\000y\000\040\000p\000o\000s\000t\000-\000p\000r\000o\000c\000e\000s\000s\000o\000r}{section*.10}% 12
\BOOKMARK [2][-]{section*.17}{\376\377\000T\000e\000r\000m\000i\000n\000o\000l\000o\000g\000y}{section*.10}% 13
\BOOKMARK [1][-]{section*.18}{\376\377\000R\000e\000s\000u\000l\000t\000s}{section*.2}% 14
\BOOKMARK [2][-]{section*.19}{\376\377\000S\000i\000m\000u\000l\000a\000t\000i\000o\000n\000\040\000M\000a\000p\000s}{section*.18}% 15
\BOOKMARK [2][-]{section*.21}{\376\377\000H\000a\000l\000o\000\040\000M\000a\000s\000s\000\040\000F\000u\000n\000c\000t\000i\000o\000n}{section*.18}% 16
\BOOKMARK [2][-]{section*.23}{\376\377\000H\000a\000l\000f\000-\000M\000a\000s\000s\000\040\000R\000e\000d\000s\000h\000i\000f\000t}{section*.18}% 17
\BOOKMARK [2][-]{section*.24}{\376\377\000H\000a\000l\000o\000\040\000P\000r\000o\000f\000i\000l\000e\000s}{section*.18}% 18
\BOOKMARK [3][-]{section*.25}{\376\377\000H\000a\000l\000o\000\040\000D\000e\000n\000s\000i\000t\000y\000\040\000P\000r\000o\000f\000i\000l\000e}{section*.24}% 19
\BOOKMARK [3][-]{section*.27}{\376\377\000C\000o\000n\000c\000e\000n\000t\000r\000a\000t\000i\000o\000n\000-\000M\000a\000s\000s\000\040\000R\000e\000l\000a\000t\000i\000o\000n}{section*.24}% 20
\BOOKMARK [2][-]{section*.29}{\376\377\000P\000o\000w\000e\000r\000\040\000S\000p\000e\000c\000t\000r\000u\000m}{section*.18}% 21
\BOOKMARK [1][-]{section*.31}{\376\377\000C\000O\000N\000C\000L\000U\000S\000I\000O\000N\000S}{section*.2}% 22
\BOOKMARK [2][-]{section*.32}{\376\377\000H\000a\000l\000o\000\040\000M\000a\000s\000s\000\040\000F\000u\000n\000c\000t\000i\000o\000n}{section*.31}% 23
\BOOKMARK [2][-]{section*.33}{\376\377\000D\000a\000r\000k\000\040\000M\000a\000t\000t\000e\000r\000\040\000P\000o\000w\000e\000r\000\040\000S\000p\000e\000c\000t\000r\000u\000m}{section*.31}% 24
\BOOKMARK [2][-]{section*.34}{\376\377\000H\000a\000l\000f\000-\000M\000a\000s\000s\000\040\000E\000p\000o\000c\000h\040\023\000R\000e\000d\000s\000h\000i\000f\000t\000\040\000R\000e\000l\000a\000t\000i\000o\000n}{section*.31}% 25
\BOOKMARK [2][-]{section*.35}{\376\377\000C\000o\000n\000c\000e\000n\000t\000r\000a\000t\000i\000o\000n\000-\000M\000a\000s\000s\000\040\000R\000e\000l\000a\000t\000i\000o\000n}{section*.31}% 26
\BOOKMARK [2][-]{section*.36}{\376\377\000H\000a\000l\000o\000\040\000D\000e\000n\000s\000i\000t\000y\000\040\000P\000r\000o\000f\000i\000l\000e}{section*.31}% 27
\BOOKMARK [2][-]{section*.37}{\376\377\000S\000y\000n\000t\000h\000e\000s\000i\000s\000:\000\040\000T\000h\000e\000\040\000D\000a\000r\000k\000\040\000M\000a\000t\000t\000e\000r\000\040\000H\000a\000l\000o\000\040\000P\000o\000p\000u\000l\000a\000t\000i\000o\000n}{section*.31}% 28
\BOOKMARK [1][-]{section*.38}{\376\377\000A\000c\000k\000n\000o\000w\000l\000e\000d\000g\000m\000e\000n\000t\000s}{section*.2}% 29
\BOOKMARK [1][-]{section*.39}{\376\377\000R\000e\000f\000e\000r\000e\000n\000c\000e\000s}{section*.2}% 30
\BOOKMARK [1][-]{section*.40}{\376\377\000S\000p\000h\000e\000r\000i\000c\000a\000l\000-\000O\000v\000e\000r\000d\000e\000n\000s\000i\000t\000y\000\040\000H\000a\000l\000o\000\040\000M\000a\000s\000s\000\040\000F\000u\000n\000c\000t\000i\000o\000n}{section*.2}% 31
